
[06:37:16 UTC] [INFO] Starting import process | Context: {"template_type":"classic","uuid":""}
[06:37:16 UTC] [INFO] Started Import Process
[06:37:16 UTC] [INFO] # System Details: 
[06:37:16 UTC] [INFO] Debug Mode 		: Disabled
[06:37:17 UTC] [INFO] Operating System 	: WINNT
[06:37:17 UTC] [INFO] Software 		: Apache/2.4.58 (Win64) OpenSSL/3.1.3 PHP/8.2.12
[06:37:17 UTC] [INFO] MySQL version 		: 10.4.32
[06:37:17 UTC] [INFO] XML Reader 		: Yes
[06:37:17 UTC] [INFO] PHP Version 		: 8.2.12
[06:37:17 UTC] [INFO] PHP Max Input Vars 	: 1000
[06:37:17 UTC] [INFO] PHP Max Post Size 	: 1000M
[06:37:17 UTC] [INFO] PHP Extension GD 	: No
[06:37:17 UTC] [INFO] PHP Max Execution Time 	: 3000
[06:37:17 UTC] [INFO] Max Upload Size 	: 1,000 MB
[06:37:17 UTC] [INFO] Memory Limit 		: Current memory limit 40M. We recommend setting memory to at least 64M.
[06:37:17 UTC] [INFO] Timezone 		: 0
[06:37:17 UTC] [INFO] 
-----

[06:37:17 UTC] [INFO] Importing Started! - 06:37:17 UTC
[06:37:17 UTC] [INFO] ---

[06:37:17 UTC] [INFO] WHY IMPORT PROCESS CAN FAIL? READ THIS - 
[06:37:17 UTC] [INFO] https://wpastra.com/docs/?p=1314&utm_source=demo-import-panel&utm_campaign=import-error&utm_medium=wp-dashboard

[06:37:17 UTC] [INFO] ---

[06:37:17 UTC] [SUCCESS] Import process start flag set successfully | Context: {"template_type":"classic"}
[06:37:17 UTC] [INFO] Image subsizes deferral enabled for import
[06:37:17 UTC] [SUCCESS] {"required_plugins":{"active":[],"inactive":[],"notinstalled":[{"slug":"elementor","init":"elementor\/elementor.php","name":"Elementor","action":"http:\/\/localhost\/woo-commerce\/wp-admin\/update.php?action=install-plugin&plugin=elementor&_wpnonce=b04a615afc"},{"slug":"header-footer-elementor","init":"header-footer-elementor\/header-footer-elementor.php","name":"Ultimate Addons for Elementor Lite","action":"http:\/\/localhost\/woo-commerce\/wp-admin\/update.php?action=install-plugin&plugin=header-footer-elementor&_wpnonce=dbe42be5fb"},{"slug":"woocommerce","init":"woocommerce\/woocommerce.php","name":"WooCommerce","action":"http:\/\/localhost\/woo-commerce\/wp-admin\/update.php?action=install-plugin&plugin=woocommerce&_wpnonce=ac9e037e97"},{"slug":"wpforms-lite","init":"wpforms-lite\/wpforms.php","name":"WPForms Lite","action":"http:\/\/localhost\/woo-commerce\/wp-admin\/update.php?action=install-plugin&plugin=wpforms-lite&_wpnonce=a8b1740f30"},{"slug":"variation-swatches-woo","init":"variation-swatches-woo\/variation-swatches-woo.php","name":"Variation Swatches for WooCommerce","action":"http:\/\/localhost\/woo-commerce\/wp-admin\/update.php?action=install-plugin&plugin=variation-swatches-woo&_wpnonce=bf341d2278"},{"slug":"woocommerce-payments","init":"woocommerce-payments\/woocommerce-payments.php","name":"WooPayments","action":"http:\/\/localhost\/woo-commerce\/wp-admin\/update.php?action=install-plugin&plugin=woocommerce-payments&_wpnonce=6957f7b2e2"},{"slug":"cartflows","init":"cartflows\/cartflows.php","name":"CartFlows","action":"http:\/\/localhost\/woo-commerce\/wp-admin\/update.php?action=install-plugin&plugin=cartflows&_wpnonce=f2b5e3ebc2"},{"slug":"woo-cart-abandonment-recovery","init":"woo-cart-abandonment-recovery\/woo-cart-abandonment-recovery.php","name":"Cart Abandonment Recovery for WooCommerce","action":"http:\/\/localhost\/woo-commerce\/wp-admin\/update.php?action=install-plugin&plugin=woo-cart-abandonment-recovery&_wpnonce=e9dd79d153"},{"slug":"modern-cart","init":"modern-cart\/modern-cart.php","name":"Modern Cart Starter for WooCommerce","action":"http:\/\/localhost\/woo-commerce\/wp-admin\/update.php?action=install-plugin&plugin=modern-cart&_wpnonce=207e1abd79"},{"slug":"sureforms","init":"sureforms\/sureforms.php","name":"SureForms","action":"http:\/\/localhost\/woo-commerce\/wp-admin\/update.php?action=install-plugin&plugin=sureforms&_wpnonce=ac5de49b81"},{"name":"SureRank","slug":"surerank","init":"surerank\/surerank.php","action":"http:\/\/localhost\/woo-commerce\/wp-admin\/update.php?action=install-plugin&plugin=surerank&_wpnonce=d20d990e90"},{"name":"Suremail","slug":"suremails","init":"suremails\/suremails.php","action":"http:\/\/localhost\/woo-commerce\/wp-admin\/update.php?action=install-plugin&plugin=suremails&_wpnonce=88b72f9242"},{"name":"3CX","slug":"wp-live-chat-support","init":"wp-live-chat-support\/wp-live-chat-support.php","action":"http:\/\/localhost\/woo-commerce\/wp-admin\/update.php?action=install-plugin&plugin=wp-live-chat-support&_wpnonce=2648c9184f"}]},"third_party_required_plugins":[],"update_avilable_plugins":[],"incompatible_plugins":[],"error":false} | Context: {"required_plugins":{"active":[],"inactive":[],"notinstalled":[{"slug":"elementor","init":"elementor\/elementor.php","name":"Elementor","action":"http:\/\/localhost\/woo-commerce\/wp-admin\/update.php?action=install-plugin&plugin=elementor&_wpnonce=b04a615afc"},{"slug":"header-footer-elementor","init":"header-footer-elementor\/header-footer-elementor.php","name":"Ultimate Addons for Elementor Lite","action":"http:\/\/localhost\/woo-commerce\/wp-admin\/update.php?action=install-plugin&plugin=header-footer-elementor&_wpnonce=dbe42be5fb"},{"slug":"woocommerce","init":"woocommerce\/woocommerce.php","name":"WooCommerce","action":"http:\/\/localhost\/woo-commerce\/wp-admin\/update.php?action=install-plugin&plugin=woocommerce&_wpnonce=ac9e037e97"},{"slug":"wpforms-lite","init":"wpforms-lite\/wpforms.php","name":"WPForms Lite","action":"http:\/\/localhost\/woo-commerce\/wp-admin\/update.php?action=install-plugin&plugin=wpforms-lite&_wpnonce=a8b1740f30"},{"slug":"variation-swatches-woo","init":"variation-swatches-woo\/variation-swatches-woo.php","name":"Variation Swatches for WooCommerce","action":"http:\/\/localhost\/woo-commerce\/wp-admin\/update.php?action=install-plugin&plugin=variation-swatches-woo&_wpnonce=bf341d2278"},{"slug":"woocommerce-payments","init":"woocommerce-payments\/woocommerce-payments.php","name":"WooPayments","action":"http:\/\/localhost\/woo-commerce\/wp-admin\/update.php?action=install-plugin&plugin=woocommerce-payments&_wpnonce=6957f7b2e2"},{"slug":"cartflows","init":"cartflows\/cartflows.php","name":"CartFlows","action":"http:\/\/localhost\/woo-commerce\/wp-admin\/update.php?action=install-plugin&plugin=cartflows&_wpnonce=f2b5e3ebc2"},{"slug":"woo-cart-abandonment-recovery","init":"woo-cart-abandonment-recovery\/woo-cart-abandonment-recovery.php","name":"Cart Abandonment Recovery for WooCommerce","action":"http:\/\/localhost\/woo-commerce\/wp-admin\/update.php?action=install-plugin&plugin=woo-cart-abandonment-recovery&_wpnonce=e9dd79d153"},{"slug":"modern-cart","init":"modern-cart\/modern-cart.php","name":"Modern Cart Starter for WooCommerce","action":"http:\/\/localhost\/woo-commerce\/wp-admin\/update.php?action=install-plugin&plugin=modern-cart&_wpnonce=207e1abd79"},{"slug":"sureforms","init":"sureforms\/sureforms.php","name":"SureForms","action":"http:\/\/localhost\/woo-commerce\/wp-admin\/update.php?action=install-plugin&plugin=sureforms&_wpnonce=ac5de49b81"},{"name":"SureRank","slug":"surerank","init":"surerank\/surerank.php","action":"http:\/\/localhost\/woo-commerce\/wp-admin\/update.php?action=install-plugin&plugin=surerank&_wpnonce=d20d990e90"},{"name":"Suremail","slug":"suremails","init":"suremails\/suremails.php","action":"http:\/\/localhost\/woo-commerce\/wp-admin\/update.php?action=install-plugin&plugin=suremails&_wpnonce=88b72f9242"},{"name":"3CX","slug":"wp-live-chat-support","init":"wp-live-chat-support\/wp-live-chat-support.php","action":"http:\/\/localhost\/woo-commerce\/wp-admin\/update.php?action=install-plugin&plugin=wp-live-chat-support&_wpnonce=2648c9184f"}]},"third_party_required_plugins":[],"update_avilable_plugins":[],"incompatible_plugins":[],"error":false}
[06:37:19 UTC] [INFO] Image subsizes deferral enabled for import
[06:37:20 UTC] [INFO] Image subsizes deferral enabled for import
[06:37:20 UTC] [INFO] ---

[06:37:20 UTC] [INFO] Starting CartFlows import process
[06:37:20 UTC] [INFO] info | Context: {"file_url":"https:\/\/websitedemos.net\/wp-content\/uploads\/astra-sites\/933\/cartflows.json","timeout_seconds":300}
[06:37:21 UTC] [INFO] success | Context: {"file_url":"https:\/\/websitedemos.net\/wp-content\/uploads\/astra-sites\/933\/cartflows.json","file_size":13902,"uploaded_file":"C:\\xampp\\htdocs\\woo-commerce\/wp-content\/uploads\/2026\/02\/cartflows-2.json"}
[06:37:21 UTC] [SUCCESS] File downloaded successfully from: https://websitedemos.net/wp-content/uploads/astra-sites/933/cartflows.json
[06:37:21 UTC] [INFO] Checking if CartFlows is already loaded
[06:37:21 UTC] [ERROR] CartFlows import failed: Plugin files not found. Please ensure CartFlows is properly installed.
[06:37:24 UTC] [INFO] Image subsizes deferral enabled for import
[06:37:24 UTC] [INFO] ---

[06:37:24 UTC] [INFO] Starting CartFlows import process
[06:37:24 UTC] [INFO] info | Context: {"file_url":"https:\/\/websitedemos.net\/wp-content\/uploads\/astra-sites\/933\/cartflows.json","timeout_seconds":300}
[06:37:24 UTC] [INFO] success | Context: {"file_url":"https:\/\/websitedemos.net\/wp-content\/uploads\/astra-sites\/933\/cartflows.json","file_size":13902,"uploaded_file":"C:\\xampp\\htdocs\\woo-commerce\/wp-content\/uploads\/2026\/02\/cartflows-3.json"}
[06:37:24 UTC] [SUCCESS] File downloaded successfully from: https://websitedemos.net/wp-content/uploads/astra-sites/933/cartflows.json
[06:37:24 UTC] [INFO] Checking if CartFlows is already loaded
[06:37:24 UTC] [ERROR] CartFlows import failed: Plugin files not found. Please ensure CartFlows is properly installed.
[06:37:25 UTC] [INFO] Image subsizes deferral enabled for import
[06:37:32 UTC] [INFO] Image subsizes deferral enabled for import
[06:37:42 UTC] [INFO] Image subsizes deferral enabled for import
[06:37:42 UTC] [INFO] Image subsizes deferral enabled for import
[06:37:42 UTC] [INFO] Image subsizes deferral enabled for import
[06:37:43 UTC] [INFO] Starting import process | Context: {"template_type":"classic","uuid":""}
[06:37:43 UTC] [INFO] Started Import Process
[06:37:43 UTC] [INFO] # System Details: 
[06:37:43 UTC] [INFO] Debug Mode 		: Disabled
[06:37:43 UTC] [INFO] Operating System 	: WINNT
[06:37:43 UTC] [INFO] Software 		: Apache/2.4.58 (Win64) OpenSSL/3.1.3 PHP/8.2.12
[06:37:43 UTC] [INFO] MySQL version 		: 10.4.32
[06:37:43 UTC] [INFO] XML Reader 		: Yes
[06:37:43 UTC] [INFO] PHP Version 		: 8.2.12
[06:37:43 UTC] [INFO] PHP Max Input Vars 	: 1000
[06:37:43 UTC] [INFO] PHP Max Post Size 	: 1000M
[06:37:43 UTC] [INFO] PHP Extension GD 	: No
[06:37:43 UTC] [INFO] PHP Max Execution Time 	: 3000
[06:37:43 UTC] [INFO] Max Upload Size 	: 1,000 MB
[06:37:43 UTC] [INFO] Memory Limit 		: Current memory limit 40M. We recommend setting memory to at least 64M.
[06:37:43 UTC] [INFO] Timezone 		: 0
[06:37:43 UTC] [INFO] 
-----

[06:37:43 UTC] [INFO] Importing Started! - 06:37:43 UTC
[06:37:43 UTC] [INFO] ---

[06:37:43 UTC] [INFO] WHY IMPORT PROCESS CAN FAIL? READ THIS - 
[06:37:43 UTC] [INFO] https://wpastra.com/docs/?p=1314&utm_source=demo-import-panel&utm_campaign=import-error&utm_medium=wp-dashboard

[06:37:43 UTC] [INFO] ---

[06:37:43 UTC] [SUCCESS] Import process start flag set successfully | Context: {"template_type":"classic"}
[06:37:43 UTC] [INFO] Image subsizes deferral enabled for import
[06:37:43 UTC] [INFO] Image subsizes deferral enabled for import
[06:37:43 UTC] [SUCCESS] {"required_plugins":{"active":[],"inactive":[],"notinstalled":[{"slug":"elementor","init":"elementor\/elementor.php","name":"Elementor","action":"http:\/\/localhost\/woo-commerce\/wp-admin\/update.php?action=install-plugin&plugin=elementor&_wpnonce=b04a615afc"},{"slug":"header-footer-elementor","init":"header-footer-elementor\/header-footer-elementor.php","name":"Ultimate Addons for Elementor Lite","action":"http:\/\/localhost\/woo-commerce\/wp-admin\/update.php?action=install-plugin&plugin=header-footer-elementor&_wpnonce=dbe42be5fb"},{"slug":"woocommerce","init":"woocommerce\/woocommerce.php","name":"WooCommerce","action":"http:\/\/localhost\/woo-commerce\/wp-admin\/update.php?action=install-plugin&plugin=woocommerce&_wpnonce=ac9e037e97"},{"slug":"wpforms-lite","init":"wpforms-lite\/wpforms.php","name":"WPForms Lite","action":"http:\/\/localhost\/woo-commerce\/wp-admin\/update.php?action=install-plugin&plugin=wpforms-lite&_wpnonce=a8b1740f30"},{"slug":"variation-swatches-woo","init":"variation-swatches-woo\/variation-swatches-woo.php","name":"Variation Swatches for WooCommerce","action":"http:\/\/localhost\/woo-commerce\/wp-admin\/update.php?action=install-plugin&plugin=variation-swatches-woo&_wpnonce=bf341d2278"},{"slug":"woocommerce-payments","init":"woocommerce-payments\/woocommerce-payments.php","name":"WooPayments","action":"http:\/\/localhost\/woo-commerce\/wp-admin\/update.php?action=install-plugin&plugin=woocommerce-payments&_wpnonce=6957f7b2e2"},{"slug":"cartflows","init":"cartflows\/cartflows.php","name":"CartFlows","action":"http:\/\/localhost\/woo-commerce\/wp-admin\/update.php?action=install-plugin&plugin=cartflows&_wpnonce=f2b5e3ebc2"},{"slug":"woo-cart-abandonment-recovery","init":"woo-cart-abandonment-recovery\/woo-cart-abandonment-recovery.php","name":"Cart Abandonment Recovery for WooCommerce","action":"http:\/\/localhost\/woo-commerce\/wp-admin\/update.php?action=install-plugin&plugin=woo-cart-abandonment-recovery&_wpnonce=e9dd79d153"},{"slug":"modern-cart","init":"modern-cart\/modern-cart.php","name":"Modern Cart Starter for WooCommerce","action":"http:\/\/localhost\/woo-commerce\/wp-admin\/update.php?action=install-plugin&plugin=modern-cart&_wpnonce=207e1abd79"},{"slug":"sureforms","init":"sureforms\/sureforms.php","name":"SureForms","action":"http:\/\/localhost\/woo-commerce\/wp-admin\/update.php?action=install-plugin&plugin=sureforms&_wpnonce=ac5de49b81"},{"name":"SureRank","slug":"surerank","init":"surerank\/surerank.php","action":"http:\/\/localhost\/woo-commerce\/wp-admin\/update.php?action=install-plugin&plugin=surerank&_wpnonce=d20d990e90"},{"name":"Suremail","slug":"suremails","init":"suremails\/suremails.php","action":"http:\/\/localhost\/woo-commerce\/wp-admin\/update.php?action=install-plugin&plugin=suremails&_wpnonce=88b72f9242"},{"name":"3CX","slug":"wp-live-chat-support","init":"wp-live-chat-support\/wp-live-chat-support.php","action":"http:\/\/localhost\/woo-commerce\/wp-admin\/update.php?action=install-plugin&plugin=wp-live-chat-support&_wpnonce=2648c9184f"}]},"third_party_required_plugins":[],"update_avilable_plugins":[],"incompatible_plugins":[],"error":false} | Context: {"required_plugins":{"active":[],"inactive":[],"notinstalled":[{"slug":"elementor","init":"elementor\/elementor.php","name":"Elementor","action":"http:\/\/localhost\/woo-commerce\/wp-admin\/update.php?action=install-plugin&plugin=elementor&_wpnonce=b04a615afc"},{"slug":"header-footer-elementor","init":"header-footer-elementor\/header-footer-elementor.php","name":"Ultimate Addons for Elementor Lite","action":"http:\/\/localhost\/woo-commerce\/wp-admin\/update.php?action=install-plugin&plugin=header-footer-elementor&_wpnonce=dbe42be5fb"},{"slug":"woocommerce","init":"woocommerce\/woocommerce.php","name":"WooCommerce","action":"http:\/\/localhost\/woo-commerce\/wp-admin\/update.php?action=install-plugin&plugin=woocommerce&_wpnonce=ac9e037e97"},{"slug":"wpforms-lite","init":"wpforms-lite\/wpforms.php","name":"WPForms Lite","action":"http:\/\/localhost\/woo-commerce\/wp-admin\/update.php?action=install-plugin&plugin=wpforms-lite&_wpnonce=a8b1740f30"},{"slug":"variation-swatches-woo","init":"variation-swatches-woo\/variation-swatches-woo.php","name":"Variation Swatches for WooCommerce","action":"http:\/\/localhost\/woo-commerce\/wp-admin\/update.php?action=install-plugin&plugin=variation-swatches-woo&_wpnonce=bf341d2278"},{"slug":"woocommerce-payments","init":"woocommerce-payments\/woocommerce-payments.php","name":"WooPayments","action":"http:\/\/localhost\/woo-commerce\/wp-admin\/update.php?action=install-plugin&plugin=woocommerce-payments&_wpnonce=6957f7b2e2"},{"slug":"cartflows","init":"cartflows\/cartflows.php","name":"CartFlows","action":"http:\/\/localhost\/woo-commerce\/wp-admin\/update.php?action=install-plugin&plugin=cartflows&_wpnonce=f2b5e3ebc2"},{"slug":"woo-cart-abandonment-recovery","init":"woo-cart-abandonment-recovery\/woo-cart-abandonment-recovery.php","name":"Cart Abandonment Recovery for WooCommerce","action":"http:\/\/localhost\/woo-commerce\/wp-admin\/update.php?action=install-plugin&plugin=woo-cart-abandonment-recovery&_wpnonce=e9dd79d153"},{"slug":"modern-cart","init":"modern-cart\/modern-cart.php","name":"Modern Cart Starter for WooCommerce","action":"http:\/\/localhost\/woo-commerce\/wp-admin\/update.php?action=install-plugin&plugin=modern-cart&_wpnonce=207e1abd79"},{"slug":"sureforms","init":"sureforms\/sureforms.php","name":"SureForms","action":"http:\/\/localhost\/woo-commerce\/wp-admin\/update.php?action=install-plugin&plugin=sureforms&_wpnonce=ac5de49b81"},{"name":"SureRank","slug":"surerank","init":"surerank\/surerank.php","action":"http:\/\/localhost\/woo-commerce\/wp-admin\/update.php?action=install-plugin&plugin=surerank&_wpnonce=d20d990e90"},{"name":"Suremail","slug":"suremails","init":"suremails\/suremails.php","action":"http:\/\/localhost\/woo-commerce\/wp-admin\/update.php?action=install-plugin&plugin=suremails&_wpnonce=88b72f9242"},{"name":"3CX","slug":"wp-live-chat-support","init":"wp-live-chat-support\/wp-live-chat-support.php","action":"http:\/\/localhost\/woo-commerce\/wp-admin\/update.php?action=install-plugin&plugin=wp-live-chat-support&_wpnonce=2648c9184f"}]},"third_party_required_plugins":[],"update_avilable_plugins":[],"incompatible_plugins":[],"error":false}
[06:37:45 UTC] [INFO] Image subsizes deferral enabled for import
[06:37:46 UTC] [INFO] Image subsizes deferral enabled for import
[06:37:47 UTC] [INFO] ---

[06:37:47 UTC] [INFO] Starting CartFlows import process
[06:37:47 UTC] [INFO] info | Context: {"file_url":"https:\/\/websitedemos.net\/wp-content\/uploads\/astra-sites\/933\/cartflows.json","timeout_seconds":300}
[06:37:47 UTC] [INFO] success | Context: {"file_url":"https:\/\/websitedemos.net\/wp-content\/uploads\/astra-sites\/933\/cartflows.json","file_size":13902,"uploaded_file":"C:\\xampp\\htdocs\\woo-commerce\/wp-content\/uploads\/2026\/02\/cartflows-4.json"}
[06:37:47 UTC] [SUCCESS] File downloaded successfully from: https://websitedemos.net/wp-content/uploads/astra-sites/933/cartflows.json
[06:37:47 UTC] [INFO] Checking if CartFlows is already loaded
[06:37:47 UTC] [ERROR] CartFlows import failed: Plugin files not found. Please ensure CartFlows is properly installed.
[06:37:50 UTC] [INFO] Image subsizes deferral enabled for import
[06:37:50 UTC] [INFO] ---

[06:37:50 UTC] [INFO] Starting CartFlows import process
[06:37:50 UTC] [INFO] info | Context: {"file_url":"https:\/\/websitedemos.net\/wp-content\/uploads\/astra-sites\/933\/cartflows.json","timeout_seconds":300}
[06:37:50 UTC] [INFO] success | Context: {"file_url":"https:\/\/websitedemos.net\/wp-content\/uploads\/astra-sites\/933\/cartflows.json","file_size":13902,"uploaded_file":"C:\\xampp\\htdocs\\woo-commerce\/wp-content\/uploads\/2026\/02\/cartflows-5.json"}
[06:37:50 UTC] [SUCCESS] File downloaded successfully from: https://websitedemos.net/wp-content/uploads/astra-sites/933/cartflows.json
[06:37:50 UTC] [INFO] Checking if CartFlows is already loaded
[06:37:50 UTC] [ERROR] CartFlows import failed: Plugin files not found. Please ensure CartFlows is properly installed.
[06:37:51 UTC] [INFO] Image subsizes deferral enabled for import
[06:37:52 UTC] [INFO] Import process completed. Cleaning up log file option.